/home/heystek/heystek_thesis/thesis/window_and_fft_test_v4/XPS_ROACH2_base/implementation/system.ngc 1565951206
/home/heystek/heystek_thesis/thesis/window_and_fft_test_v4/XPS_ROACH2_base/implementation/system_epb_opb_bridge_inst_wrapper.ngc 1565950876
/home/heystek/heystek_thesis/thesis/window_and_fft_test_v4/XPS_ROACH2_base/implementation/system_window_and_fft_test_v4_adc_wrapper.ngc 1565951112
/home/heystek/heystek_thesis/thesis/window_and_fft_test_v4/XPS_ROACH2_base/implementation/system_window_and_fft_test_v4_gpio_wrapper.ngc 1565951076
/home/heystek/heystek_thesis/thesis/window_and_fft_test_v4/XPS_ROACH2_base/implementation/system_infrastructure_inst_wrapper.ngc 1565950858
/home/heystek/heystek_thesis/thesis/window_and_fft_test_v4/XPS_ROACH2_base/implementation/system_epb_infrastructure_inst_wrapper.ngc 1565950882
/home/heystek/heystek_thesis/thesis/window_and_fft_test_v4/XPS_ROACH2_base/implementation/system_opb0_wrapper.ngc 1565950870
/home/heystek/heystek_thesis/thesis/window_and_fft_test_v4/XPS_ROACH2_base/implementation/system_window_and_fft_test_v4_xsg_core_config_wrapper.ngc 1565951102
/home/heystek/heystek_thesis/thesis/window_and_fft_test_v4/XPS_ROACH2_base/implementation/system_opb_adccontroller_0_wrapper.ngc 1565950852
/home/heystek/heystek_thesis/thesis/window_and_fft_test_v4/XPS_ROACH2_base/implementation/system_reset_block_inst_wrapper.ngc 1565950863
/home/heystek/heystek_thesis/thesis/window_and_fft_test_v4/XPS_ROACH2_base/implementation/system_sys_block_inst_wrapper.ngc 1565950888
/home/heystek/heystek_thesis/thesis/window_and_fft_test_v4/XPS_ROACH2_base/implementation/system_window_and_fft_test_v4_subsystem_lo_1_shared_bram_ramblk_wrapper.ngc 1565951106
/home/heystek/heystek_thesis/thesis/window_and_fft_test_v4/XPS_ROACH2_base/implementation/system_window_and_fft_test_v4_subsystem_lo_1_shared_bram1_ramif_wrapper.ngc 1565950911
/home/heystek/heystek_thesis/thesis/window_and_fft_test_v4/XPS_ROACH2_base/implementation/system_window_and_fft_test_v4_subsystem_lo_2_shared_bram_ramif_wrapper.ngc 1565950929
/home/heystek/heystek_thesis/thesis/window_and_fft_test_v4/XPS_ROACH2_base/implementation/system_window_and_fft_test_v4_subsystem_lo_2_shared_bram1_ramif_wrapper.ngc 1565950948
/home/heystek/heystek_thesis/thesis/window_and_fft_test_v4/XPS_ROACH2_base/implementation/system_window_and_fft_test_v4_subsystem_lo_3_shared_bram_ramif_wrapper.ngc 1565950967
/home/heystek/heystek_thesis/thesis/window_and_fft_test_v4/XPS_ROACH2_base/implementation/system_window_and_fft_test_v4_subsystem_lo_3_shared_bram1_ramif_wrapper.ngc 1565950985
/home/heystek/heystek_thesis/thesis/window_and_fft_test_v4/XPS_ROACH2_base/implementation/system_window_and_fft_test_v4_subsystem_lo_4_shared_bram_ramif_wrapper.ngc 1565951004
/home/heystek/heystek_thesis/thesis/window_and_fft_test_v4/XPS_ROACH2_base/implementation/system_window_and_fft_test_v4_subsystem_lo_4_shared_bram1_ramif_wrapper.ngc 1565951021
/home/heystek/heystek_thesis/thesis/window_and_fft_test_v4/XPS_ROACH2_base/implementation/system_window_and_fft_test_v4_bypass_pfb_wrapper.ngc 1565951050
/home/heystek/heystek_thesis/thesis/window_and_fft_test_v4/XPS_ROACH2_base/implementation/system_window_and_fft_test_v4_coarse_fft_shift_mask1_wrapper.ngc 1565951056
/home/heystek/heystek_thesis/thesis/window_and_fft_test_v4/XPS_ROACH2_base/implementation/system_window_and_fft_test_v4_even_window1_ramblk_wrapper.ngc 1565951116
/home/heystek/heystek_thesis/thesis/window_and_fft_test_v4/XPS_ROACH2_base/implementation/system_window_and_fft_test_v4_mixer_cnt_wrapper.ngc 1565951082
/home/heystek/heystek_thesis/thesis/window_and_fft_test_v4/XPS_ROACH2_base/implementation/system_window_and_fft_test_v4_odd_window1_ramblk_wrapper.ngc 1565951120
/home/heystek/heystek_thesis/thesis/window_and_fft_test_v4/XPS_ROACH2_base/implementation/system_window_and_fft_test_v4_subsystem_lo_1_shared_bram_wrapper.ngc 1565950905
/home/heystek/heystek_thesis/thesis/window_and_fft_test_v4/XPS_ROACH2_base/implementation/system_window_and_fft_test_v4_subsystem_lo_1_shared_bram1_wrapper.ngc 1565950923
/home/heystek/heystek_thesis/thesis/window_and_fft_test_v4/XPS_ROACH2_base/implementation/system_window_and_fft_test_v4_subsystem_lo_2_shared_bram_wrapper.ngc 1565950942
/home/heystek/heystek_thesis/thesis/window_and_fft_test_v4/XPS_ROACH2_base/implementation/system_window_and_fft_test_v4_subsystem_lo_2_shared_bram1_wrapper.ngc 1565950960
/home/heystek/heystek_thesis/thesis/window_and_fft_test_v4/XPS_ROACH2_base/implementation/system_window_and_fft_test_v4_subsystem_lo_3_shared_bram_wrapper.ngc 1565950979
/home/heystek/heystek_thesis/thesis/window_and_fft_test_v4/XPS_ROACH2_base/implementation/system_window_and_fft_test_v4_subsystem_lo_3_shared_bram1_wrapper.ngc 1565950998
/home/heystek/heystek_thesis/thesis/window_and_fft_test_v4/XPS_ROACH2_base/implementation/system_window_and_fft_test_v4_subsystem_lo_4_shared_bram_wrapper.ngc 1565951016
/home/heystek/heystek_thesis/thesis/window_and_fft_test_v4/XPS_ROACH2_base/implementation/system_window_and_fft_test_v4_subsystem_lo_4_shared_bram1_wrapper.ngc 1565951036
/home/heystek/heystek_thesis/thesis/window_and_fft_test_v4/XPS_ROACH2_base/implementation/system_window_and_fft_test_v4_even_window1_wrapper.ngc 1565951069
/home/heystek/heystek_thesis/thesis/window_and_fft_test_v4/XPS_ROACH2_base/implementation/system_window_and_fft_test_v4_odd_window1_wrapper.ngc 1565951094
/home/heystek/heystek_thesis/thesis/window_and_fft_test_v4/XPS_ROACH2_base/implementation/system_window_and_fft_test_v4_subsystem_lo_1_shared_bram1_ramblk_wrapper.ngc 1565950917
/home/heystek/heystek_thesis/thesis/window_and_fft_test_v4/XPS_ROACH2_base/implementation/system_window_and_fft_test_v4_subsystem_lo_2_shared_bram_ramblk_wrapper.ngc 1565950935
/home/heystek/heystek_thesis/thesis/window_and_fft_test_v4/XPS_ROACH2_base/implementation/system_window_and_fft_test_v4_subsystem_lo_2_shared_bram1_ramblk_wrapper.ngc 1565950954
/home/heystek/heystek_thesis/thesis/window_and_fft_test_v4/XPS_ROACH2_base/implementation/system_window_and_fft_test_v4_subsystem_lo_3_shared_bram_ramblk_wrapper.ngc 1565950973
/home/heystek/heystek_thesis/thesis/window_and_fft_test_v4/XPS_ROACH2_base/implementation/system_window_and_fft_test_v4_subsystem_lo_3_shared_bram1_ramblk_wrapper.ngc 1565950991
/home/heystek/heystek_thesis/thesis/window_and_fft_test_v4/XPS_ROACH2_base/implementation/system_window_and_fft_test_v4_subsystem_lo_4_shared_bram_ramblk_wrapper.ngc 1565951010
/home/heystek/heystek_thesis/thesis/window_and_fft_test_v4/XPS_ROACH2_base/implementation/system_window_and_fft_test_v4_subsystem_lo_4_shared_bram1_ramblk_wrapper.ngc 1565951028
OK
